09:06:11 **** Build of configuration Debug for project ps ****
make pre-build main-build 
a9-linaro-pre-build-step
' '
'Building file: ../src/Bsp_RGB_Samp.c'
'Invoking: ARM v7 gcc compiler'
arm-none-eabi-gcc -Wall -O0 -g3 -c -fmessage-length=0 -MT"src/Bsp_RGB_Samp.o" -mcpu=cortex-a9 -mfpu=vfpv3 -mfloat-abi=hard -I../../ps_bsp/ps7_cortexa9_0/include -MMD -MP -MF"src/Bsp_RGB_Samp.d" -MT"src/Bsp_RGB_Samp.o" -o "src/Bsp_RGB_Samp.o" "../src/Bsp_RGB_Samp.c"
../src/Bsp_RGB_Samp.c: In function 'Bsp_RGB_GetpFrames':
../src/Bsp_RGB_Samp.c:72:9: warning: assignment makes pointer from integer without a cast [-Wint-conversion]
    *OutP=addr;
         ^
../src/Bsp_RGB_Samp.c:73:22: warning: assignment from incompatible pointer type [-Wincompatible-pointer-types]
    RGBSamp.Framesp[i]=(unsigned char*) addr;
                      ^
'Finished building: ../src/Bsp_RGB_Samp.c'
' '
'Building file: ../src/Bsp_TwoCPU.c'
'Invoking: ARM v7 gcc compiler'
arm-none-eabi-gcc -Wall -O0 -g3 -c -fmessage-length=0 -MT"src/Bsp_TwoCPU.o" -mcpu=cortex-a9 -mfpu=vfpv3 -mfloat-abi=hard -I../../ps_bsp/ps7_cortexa9_0/include -MMD -MP -MF"src/Bsp_TwoCPU.d" -MT"src/Bsp_TwoCPU.o" -o "src/Bsp_TwoCPU.o" "../src/Bsp_TwoCPU.c"
In file included from ../src/Bsp_TwoCPU.c:6:0:
../src/Bsp_TwoCPU.h:48:0: warning: "MAXDDRNUM" redefined
 #define MAXDDRNUM     8   //定义DDR存放路数  Bsp_RGB_Samp.h中定义
 
In file included from ../src/Bsp_TwoCPU.h:46:0,
                 from ../src/Bsp_TwoCPU.c:6:
../src/Bsp_RGB_Samp.h:6:0: note: this is the location of the previous definition
 #define MAXDDRNUM       4
 
'Finished building: ../src/Bsp_TwoCPU.c'
' '
'Building file: ../src/Bsp_VDMAframe.c'
'Invoking: ARM v7 gcc compiler'
arm-none-eabi-gcc -Wall -O0 -g3 -c -fmessage-length=0 -MT"src/Bsp_VDMAframe.o" -mcpu=cortex-a9 -mfpu=vfpv3 -mfloat-abi=hard -I../../ps_bsp/ps7_cortexa9_0/include -MMD -MP -MF"src/Bsp_VDMAframe.d" -MT"src/Bsp_VDMAframe.o" -o "src/Bsp_VDMAframe.o" "../src/Bsp_VDMAframe.c"
'Finished building: ../src/Bsp_VDMAframe.c'
' '
'Building file: ../src/Image_Pixl.c'
'Invoking: ARM v7 gcc compiler'
arm-none-eabi-gcc -Wall -O0 -g3 -c -fmessage-length=0 -MT"src/Image_Pixl.o" -mcpu=cortex-a9 -mfpu=vfpv3 -mfloat-abi=hard -I../../ps_bsp/ps7_cortexa9_0/include -MMD -MP -MF"src/Image_Pixl.d" -MT"src/Image_Pixl.o" -o "src/Image_Pixl.o" "../src/Image_Pixl.c"
In file included from ../src/Image_Pixl.c:2:0:
../src/Bsp_TwoCPU.h:48:0: warning: "MAXDDRNUM" redefined
 #define MAXDDRNUM     8   //定义DDR存放路数  Bsp_RGB_Samp.h中定义
 
In file included from ../src/Bsp_TwoCPU.h:46:0,
                 from ../src/Image_Pixl.c:2:
../src/Bsp_RGB_Samp.h:6:0: note: this is the location of the previous definition
 #define MAXDDRNUM       4
 
../src/Image_Pixl.c: In function 'Image_Information':
../src/Image_Pixl.c:26:5: warning: implicit declaration of function 'Get_i1280720Reg' [-Wimplicit-function-declaration]
     Get_i1280720Reg(&IR_Pixel);
     ^~~~~~~~~~~~~~~
'Finished building: ../src/Image_Pixl.c'
' '
'Building file: ../src/SC030GS.c'
'Invoking: ARM v7 gcc compiler'
arm-none-eabi-gcc -Wall -O0 -g3 -c -fmessage-length=0 -MT"src/SC030GS.o" -mcpu=cortex-a9 -mfpu=vfpv3 -mfloat-abi=hard -I../../ps_bsp/ps7_cortexa9_0/include -MMD -MP -MF"src/SC030GS.d" -MT"src/SC030GS.o" -o "src/SC030GS.o" "../src/SC030GS.c"
../src/SC030GS.c: In function 'SC030GS_init':
../src/SC030GS.c:539:2: warning: implicit declaration of function 'xil_printf' [-Wimplicit-function-declaration]
  xil_printf("value = %x \r\n",value);
  ^~~~~~~~~~
../src/SC030GS.c:531:16: warning: unused variable 'status' [-Wunused-variable]
  unsigned char status;
                ^~~~~~
../src/SC030GS.c:530:15: warning: unused variable 'org' [-Wunused-variable]
  unsigned int org;
               ^~~
../src/SC030GS.c:528:16: warning: unused variable 'MorenRegAddr' [-Wunused-variable]
  unsigned int *MorenRegAddr;
                ^~~~~~~~~~~~
'Finished building: ../src/SC030GS.c'
' '
'Building file: ../src/get_image.c'
'Invoking: ARM v7 gcc compiler'
arm-none-eabi-gcc -Wall -O0 -g3 -c -fmessage-length=0 -MT"src/get_image.o" -mcpu=cortex-a9 -mfpu=vfpv3 -mfloat-abi=hard -I../../ps_bsp/ps7_cortexa9_0/include -MMD -MP -MF"src/get_image.d" -MT"src/get_image.o" -o "src/get_image.o" "../src/get_image.c"
In file included from ../src/get_image.h:20:0,
                 from ../src/get_image.c:48:
../src/Bsp_TwoCPU.h:48:0: warning: "MAXDDRNUM" redefined
 #define MAXDDRNUM     8   //定义DDR存放路数  Bsp_RGB_Samp.h中定义
 
In file included from ../src/Bsp_TwoCPU.h:46:0,
                 from ../src/get_image.h:20,
                 from ../src/get_image.c:48:
../src/Bsp_RGB_Samp.h:6:0: note: this is the location of the previous definition
 #define MAXDDRNUM       4
 
../src/get_image.c: In function 'Image_init':
../src/get_image.c:84:22: warning: passing argument 1 of 'Bsp_RGB_GetpFrames' from incompatible pointer type [-Wincompatible-pointer-types]
   Bsp_RGB_GetpFrames((unsigned int *)&pFrames[0], HH, VV, MAX_FRAME);//此函数将pFrames和RGBSamp.Framesp[i]指针都指向图片缓冲区，共8个
                      ^
In file included from ../src/Bsp_TwoCPU.h:46:0,
                 from ../src/get_image.h:20,
                 from ../src/get_image.c:48:
../src/Bsp_RGB_Samp.h:25:22: note: expected 'unsigned int **' but argument is of type 'unsigned int *'
 extern unsigned char Bsp_RGB_GetpFrames(unsigned int **OutP,unsigned int H,unsigned int V,unsigned char Num);
                      ^~~~~~~~~~~~~~~~~~
../src/get_image.c:99:3: warning: implicit declaration of function 'SC030GS_init' [-Wimplicit-function-declaration]
   SC030GS_init();//初始化
   ^~~~~~~~~~~~
../src/get_image.c:103:3: warning: implicit declaration of function 'vdma_ImgCap_write_init'; did you mean 'My_vdma_write_init'? [-Wimplicit-function-declaration]
   vdma_ImgCap_write_init();
   ^~~~~~~~~~~~~~~~~~~~~~
   My_vdma_write_init
../src/get_image.c:126:4: warning: implicit declaration of function 'xil_printf'; did you mean 'viprintf'? [-Wimplicit-function-declaration]
    xil_printf("R0_reg3 = %x \r\n",vdma0_rd_status());
    ^~~~~~~~~~
    viprintf
../src/get_image.c:76:16: warning: unused variable 'addrs' [-Wunused-variable]
   unsigned int addrs =0x17000000;
                ^~~~~
../src/get_image.c:75:7: warning: unused variable 'stats' [-Wunused-variable]
   int stats;
       ^~~~~
../src/get_image.c: In function 'Image_Get':
../src/get_image.c:173:11: warning: implicit declaration of function 'Bsp_ReadfreamSno'; did you mean 'Bsp_ReadCPU0CMD'? [-Wimplicit-function-declaration]
    sno[0]=Bsp_ReadfreamSno();//读取的是已经完成的帧号
           ^~~~~~~~~~~~~~~~
           Bsp_ReadCPU0CMD
../src/get_image.c:178:14: warning: implicit declaration of function 'Bsp_GetGrayCode' [-Wimplicit-function-declaration]
     Framesno=Bsp_GetGrayCode(sno[0]&0xf);
              ^~~~~~~~~~~~~~~
../src/get_image.c:183:6: warning: implicit declaration of function 'Bsp_SetSkipfreamSno' [-Wimplicit-function-declaration]
      Bsp_SetSkipfreamSno(sno[1]);
      ^~~~~~~~~~~~~~~~~~~
../src/get_image.c:172:18: warning: variable 'Framesno' set but not used [-Wunused-but-set-variable]
    unsigned char Framesno;
                  ^~~~~~~~
../src/get_image.c: In function 'Image_init':
../src/get_image.c:82:3: warning: 'channl' is used uninitialized in this function [-Wuninitialized]
   SC30_Set_HHVVCC(HH,VV,channl);
   ^~~~~~~~~~~~~~~~~~~~~~~~~~~~~
'Finished building: ../src/get_image.c'
' '
'Building file: ../src/helloworld.c'
'Invoking: ARM v7 gcc compiler'
arm-none-eabi-gcc -Wall -O0 -g3 -c -fmessage-length=0 -MT"src/helloworld.o" -mcpu=cortex-a9 -mfpu=vfpv3 -mfloat-abi=hard -I../../ps_bsp/ps7_cortexa9_0/include -MMD -MP -MF"src/helloworld.d" -MT"src/helloworld.o" -o "src/helloworld.o" "../src/helloworld.c"
../src/helloworld.c: In function 'main':
../src/helloworld.c:58:5: warning: implicit declaration of function 'Image_init' [-Wimplicit-function-declaration]
     Image_init();
     ^~~~~~~~~~
'Finished building: ../src/helloworld.c'
' '
'Building file: ../src/platform.c'
'Invoking: ARM v7 gcc compiler'
arm-none-eabi-gcc -Wall -O0 -g3 -c -fmessage-length=0 -MT"src/platform.o" -mcpu=cortex-a9 -mfpu=vfpv3 -mfloat-abi=hard -I../../ps_bsp/ps7_cortexa9_0/include -MMD -MP -MF"src/platform.d" -MT"src/platform.o" -o "src/platform.o" "../src/platform.c"
'Finished building: ../src/platform.c'
' '
'Building file: ../src/psiic.c'
'Invoking: ARM v7 gcc compiler'
arm-none-eabi-gcc -Wall -O0 -g3 -c -fmessage-length=0 -MT"src/psiic.o" -mcpu=cortex-a9 -mfpu=vfpv3 -mfloat-abi=hard -I../../ps_bsp/ps7_cortexa9_0/include -MMD -MP -MF"src/psiic.d" -MT"src/psiic.o" -o "src/psiic.o" "../src/psiic.c"
../src/psiic.c: In function 'i2c_wrtie_bytes':
../src/psiic.c:56:4: warning: implicit declaration of function 'usleep' [-Wimplicit-function-declaration]
    usleep(1);
    ^~~~~~
'Finished building: ../src/psiic.c'
' '
'Building file: ../src/sc030_fpga.c'
'Invoking: ARM v7 gcc compiler'
arm-none-eabi-gcc -Wall -O0 -g3 -c -fmessage-length=0 -MT"src/sc030_fpga.o" -mcpu=cortex-a9 -mfpu=vfpv3 -mfloat-abi=hard -I../../ps_bsp/ps7_cortexa9_0/include -MMD -MP -MF"src/sc030_fpga.d" -MT"src/sc030_fpga.o" -o "src/sc030_fpga.o" "../src/sc030_fpga.c"
../src/sc030_fpga.c: In function 'SC30_Set_SoftExposure':
../src/sc030_fpga.c:181:2: warning: implicit declaration of function 'usleep' [-Wimplicit-function-declaration]
  usleep(5);
  ^~~~~~
../src/sc030_fpga.c:174:8: warning: unused variable 'fz' [-Wunused-variable]
  float fz;
        ^~
'Finished building: ../src/sc030_fpga.c'
' '
'Building file: ../src/vdma.c'
'Invoking: ARM v7 gcc compiler'
arm-none-eabi-gcc -Wall -O0 -g3 -c -fmessage-length=0 -MT"src/vdma.o" -mcpu=cortex-a9 -mfpu=vfpv3 -mfloat-abi=hard -I../../ps_bsp/ps7_cortexa9_0/include -MMD -MP -MF"src/vdma.d" -MT"src/vdma.o" -o "src/vdma.o" "../src/vdma.c"
'Finished building: ../src/vdma.c'
' '
'Building file: ../src/vdma_my.c'
'Invoking: ARM v7 gcc compiler'
arm-none-eabi-gcc -Wall -O0 -g3 -c -fmessage-length=0 -MT"src/vdma_my.o" -mcpu=cortex-a9 -mfpu=vfpv3 -mfloat-abi=hard -I../../ps_bsp/ps7_cortexa9_0/include -MMD -MP -MF"src/vdma_my.d" -MT"src/vdma_my.o" -o "src/vdma_my.o" "../src/vdma_my.c"
../src/vdma_my.c: In function 'My_vdma_write_init':
../src/vdma_my.c:139:15: warning: unused variable 'STRIDE' [-Wunused-variable]
  unsigned int STRIDE;
               ^~~~~~
'Finished building: ../src/vdma_my.c'
' '
'Building target: ps.elf'
'Invoking: ARM v7 gcc linker'
arm-none-eabi-gcc -mcpu=cortex-a9 -mfpu=vfpv3 -mfloat-abi=hard -Wl,-build-id=none -specs=Xilinx.spec -Wl,-T -Wl,../src/lscript.ld -L../../ps_bsp/ps7_cortexa9_0/lib -o "ps.elf"  ./src/Bsp_RGB_Samp.o ./src/Bsp_TwoCPU.o ./src/Bsp_VDMAframe.o ./src/Image_Pixl.o ./src/SC030GS.o ./src/get_image.o ./src/helloworld.o ./src/platform.o ./src/psiic.o ./src/sc030_fpga.o ./src/vdma.o ./src/vdma_my.o   -Wl,--start-group,-lxil,-lgcc,-lc,--end-group
'Finished building target: ps.elf'
' '
'Invoking: ARM v7 Print Size'
arm-none-eabi-size ps.elf  |tee "ps.elf.size"
   text	   data	    bss	    dec	    hex	filename
  49340	   1960	  22904	  74204	  121dc	ps.elf
'Finished building: ps.elf.size'
' '

09:06:29 Build Finished (took 18s.388ms)

